// Jest Snapshot v1, https://goo.gl/fbAQLP

exports[`option \`reactCompat\` capitalizes vendor prefixes 1`] = `
Object {
  "KhtmlUserSelect": "none",
  "MozUserSelect": "-moz-none",
  "MsUserSelect": "none",
  "OUserSelect": "none",
  "WebkitUserSelect": "none",
  "userSelect": "none",
}
`;

exports[`parses background style to object 1`] = `
Object {
  "background": "url(data:image/png; base64,ivborw0kggoaaaansaaaabgdbtueaalgpc/xhbqaaaafzmuexurczmzpf399fx1+bm5mzy9avzxbesmgces5/p8/t9furvcrmu73jwlzosgsiizurcjo/ad+eqjjb4hv8bft+idpqocx1wjosbfhh2xssxeiyn3uli/6mnree07uiwjev8u8czwyuqdlkpg1bkb4nnm+veanfhqn1k4+gpt6ugqcvu2h2ovuif)",
}
`;

exports[`parses common styles to object 1`] = `
Object {
  "color": "#f00",
  "fontSize": "42px",
  "zIndex": "-1",
}
`;

exports[`parses style with no spaces to object 1`] = `
Object {
  "borderBottomLeftRadius": "1em",
  "borderRightStyle": "solid",
  "mozBorderRadiusBottomleft": "20px",
  "zIndex": "-1",
}
`;

exports[`parses style with vendor prefix to object 1`] = `
Object {
  "background": "linear-gradient(to bottom, white, black)",
  "display": "grid",
  "mozUserSelect": "none",
  "msUserSelect": "none",
  "oTransition": "all .5s",
  "transition": "all .5s",
  "userSelect": "none",
  "webkitTransition": "all .5s",
  "webkitUserSelect": "none",
}
`;
